gthr-default.h:229:1:int __gthread_key_delete(__gthread_key_t)	16	static
stm32f4xx_it.cpp:80:6:void NMI_Handler()	4	static
stm32f4xx_it.cpp:95:6:void HardFault_Handler()	4	static
stm32f4xx_it.cpp:110:6:void MemManage_Handler()	4	static
stm32f4xx_it.cpp:125:6:void BusFault_Handler()	4	static
stm32f4xx_it.cpp:140:6:void UsageFault_Handler()	4	static
stm32f4xx_it.cpp:155:6:void SVC_Handler()	4	static
stm32f4xx_it.cpp:168:6:void DebugMon_Handler()	4	static
stm32f4xx_it.cpp:181:6:void SysTick_Handler()	8	static
stm32f4xx_it.cpp:195:6:void PendSV_Handler()	4	static
stm32f4xx_it.cpp:215:6:void CAN1_RX0_IRQHandler()	48	static
stm32f4xx_it.cpp:231:6:void CAN2_RX0_IRQHandler()	48	static
stm32f4xx_it.cpp:246:6:void CAN1_RX1_IRQHandler()	48	static
stm32f4xx_it.cpp:261:6:void CAN2_RX1_IRQHandler()	48	static
stm32f4xx_it.cpp:278:6:void DMA1_Stream3_IRQHandler()	8	static
stm32f4xx_it.cpp:289:6:void DMA1_Stream4_IRQHandler()	8	static
stm32f4xx_it.cpp:300:6:void TIM5_IRQHandler()	80	static
stm32f4xx_it.cpp:310:6:void TIM7_IRQHandler()	80	static
stm32f4xx_it.cpp:321:6:void SPI2_IRQHandler()	96	static
stm32f4xx_it.cpp:331:6:void EXTI9_5_IRQHandler()	8	static
stm32f4xx_it.cpp:340:1:void __static_initialization_and_destruction_0(int, int)	16	static
stm32f4xx_it.cpp:340:1:cpp)	8	static
stm32f4xx_it.cpp:340:1:cpp)	8	static
