gthr-default.h:229:1:int __gthread_key_delete(__gthread_key_t)	16	static
stm32f4xx_it.cpp:74:6:void NMI_Handler()	4	static
stm32f4xx_it.cpp:89:6:void HardFault_Handler()	4	static
stm32f4xx_it.cpp:104:6:void MemManage_Handler()	4	static
stm32f4xx_it.cpp:119:6:void BusFault_Handler()	4	static
stm32f4xx_it.cpp:134:6:void UsageFault_Handler()	4	static
stm32f4xx_it.cpp:149:6:void SVC_Handler()	4	static
stm32f4xx_it.cpp:162:6:void DebugMon_Handler()	4	static
stm32f4xx_it.cpp:175:6:void SysTick_Handler()	8	static
stm32f4xx_it.cpp:189:6:void PendSV_Handler()	4	static
stm32f4xx_it.cpp:209:6:void CAN1_RX0_IRQHandler()	48	static
stm32f4xx_it.cpp:225:6:void CAN2_RX0_IRQHandler()	48	static
stm32f4xx_it.cpp:240:6:void CAN1_RX1_IRQHandler()	48	static
stm32f4xx_it.cpp:255:6:void CAN2_RX1_IRQHandler()	48	static
stm32f4xx_it.cpp:272:6:void DMA1_Stream3_IRQHandler()	200	static
stm32f4xx_it.cpp:288:6:void DMA1_Stream4_IRQHandler()	200	static
stm32f4xx_it.cpp:305:6:void TIM5_IRQHandler()	8	static
stm32f4xx_it.cpp:315:6:void TIM7_IRQHandler()	8	static
stm32f4xx_it.cpp:325:6:void SPI2_IRQHandler()	96	static
stm32f4xx_it.cpp:335:1:void __static_initialization_and_destruction_0(int, int)	16	static
stm32f4xx_it.cpp:335:1:cpp)	8	static
stm32f4xx_it.cpp:335:1:cpp)	8	static
